[09:16:55.527225322] begin: { packet-header: { magic: 0xc1fc1fc1, data stream class id: 0, data stream id: 0 }, packet-context: { tstamp_begin: 29815527225241, tstamp_end: 29816736994810, discarded_events: 0, seq_nr: 0, content_sz: 1864, total_sz: 4096 }, event-header: { tstamp: 29815527225322, id: 0 }, event-common-context: { tid: 150284608 }, event-payload: { name: "setting the table", args: "" } }
[09:16:55.527225863] end: { packet-header: { magic: 0xc1fc1fc1, data stream class id: 0, data stream id: 0 }, packet-context: { tstamp_begin: 29815527225241, tstamp_end: 29816736994810, discarded_events: 0, seq_nr: 0, content_sz: 1864, total_sz: 4096 }, event-header: { tstamp: 29815527225863, id: 1 }, event-common-context: { tid: 150284608 }, event-payload: { name: "setting the table", args: "" } }
[09:16:55.527225943] begin: { packet-header: { magic: 0xc1fc1fc1, data stream class id: 0, data stream id: 0 }, packet-context: { tstamp_begin: 29815527225241, tstamp_end: 29816736994810, discarded_events: 0, seq_nr: 0, content_sz: 1864, total_sz: 4096 }, event-header: { tstamp: 29815527225943, id: 0 }, event-common-context: { tid: 150284608 }, event-payload: { name: "serving the guests", args: "" } }
[09:16:55.527585636] begin: { packet-header: { magic: 0xc1fc1fc1, data stream class id: 0, data stream id: 0 }, packet-context: { tstamp_begin: 29815527585586, tstamp_end: 29816327933526, discarded_events: 0, seq_nr: 0, content_sz: 3944, total_sz: 4096 }, event-header: { tstamp: 29815527585636, id: 0 }, event-common-context: { tid: 133494464 }, event-payload: { name: "thinking", args: "" } }
[09:16:55.527623768] begin: { packet-header: { magic: 0xc1fc1fc1, data stream class id: 0, data stream id: 0 }, packet-context: { tstamp_begin: 29815527623717, tstamp_end: 29816327940138, discarded_events: 0, seq_nr: 0, content_sz: 3944, total_sz: 4096 }, event-header: { tstamp: 29815527623768, id: 0 }, event-common-context: { tid: 141887168 }, event-payload: { name: "thinking", args: "" } }
[09:16:55.527662660] begin: { packet-header: { magic: 0xc1fc1fc1, data stream class id: 0, data stream id: 0 }, packet-context: { tstamp_begin: 29815527662610, tstamp_end: 29816327979662, discarded_events: 0, seq_nr: 0, content_sz: 3944, total_sz: 4096 }, event-header: { tstamp: 29815527662660, id: 0 }, event-common-context: { tid: 4294964928 }, event-payload: { name: "thinking", args: "" } }
[09:16:55.527687186] begin: { packet-header: { magic: 0xc1fc1fc1, data stream class id: 0, data stream id: 0 }, packet-context: { tstamp_begin: 29815527687126, tstamp_end: 29816327953483, discarded_events: 0, seq_nr: 0, content_sz: 3944, total_sz: 4096 }, event-header: { tstamp: 29815527687186, id: 0 }, event-common-context: { tid: 125101760 }, event-payload: { name: "thinking", args: "" } }
[09:16:55.527735026] begin: { packet-header: { magic: 0xc1fc1fc1, data stream class id: 0, data stream id: 0 }, packet-context: { tstamp_begin: 29815527734966, tstamp_end: 29816328014217, discarded_events: 0, seq_nr: 0, content_sz: 3944, total_sz: 4096 }, event-header: { tstamp: 29815527735026, id: 0 }, event-common-context: { tid: 116709056 }, event-payload: { name: "thinking", args: "" } }
[09:16:55.727658773] end: { packet-header: { magic: 0xc1fc1fc1, data stream class id: 0, data stream id: 0 }, packet-context: { tstamp_begin: 29815527585586, tstamp_end: 29816327933526, discarded_events: 0, seq_nr: 0, content_sz: 3944, total_sz: 4096 }, event-header: { tstamp: 29815727658773, id: 1 }, event-common-context: { tid: 133494464 }, event-payload: { name: "thinking", args: "" } }
[09:16:55.727673630] instant: { packet-header: { magic: 0xc1fc1fc1, data stream class id: 0, data stream id: 0 }, packet-context: { tstamp_begin: 29815527585586, tstamp_end: 29816327933526, discarded_events: 0, seq_nr: 0, content_sz: 3944, total_sz: 4096 }, event-header: { tstamp: 29815727673630, id: 2 }, event-common-context: { tid: 133494464 }, event-payload: { name: "hungry", args: "" } }
[09:16:55.727673801] instant: { packet-header: { magic: 0xc1fc1fc1, data stream class id: 0, data stream id: 0 }, packet-context: { tstamp_begin: 29815527585586, tstamp_end: 29816327933526, discarded_events: 0, seq_nr: 0, content_sz: 3944, total_sz: 4096 }, event-header: { tstamp: 29815727673801, id: 2 }, event-common-context: { tid: 133494464 }, event-payload: { name: "grabbing left fork", args: "" } }
[09:16:55.727674262] instant: { packet-header: { magic: 0xc1fc1fc1, data stream class id: 0, data stream id: 0 }, packet-context: { tstamp_begin: 29815527585586, tstamp_end: 29816327933526, discarded_events: 0, seq_nr: 0, content_sz: 3944, total_sz: 4096 }, event-header: { tstamp: 29815727674262, id: 2 }, event-common-context: { tid: 133494464 }, event-payload: { name: "grabbing right fork", args: "" } }
[09:16:55.727680694] begin: { packet-header: { magic: 0xc1fc1fc1, data stream class id: 0, data stream id: 0 }, packet-context: { tstamp_begin: 29815527585586, tstamp_end: 29816327933526, discarded_events: 0, seq_nr: 0, content_sz: 3944, total_sz: 4096 }, event-header: { tstamp: 29815727680694, id: 0 }, event-common-context: { tid: 133494464 }, event-payload: { name: "eating", args: "" } }
[09:16:55.727698667] end: { packet-header: { magic: 0xc1fc1fc1, data stream class id: 0, data stream id: 0 }, packet-context: { tstamp_begin: 29815527623717, tstamp_end: 29816327940138, discarded_events: 0, seq_nr: 0, content_sz: 3944, total_sz: 4096 }, event-header: { tstamp: 29815727698667, id: 1 }, event-common-context: { tid: 141887168 }, event-payload: { name: "thinking", args: "" } }
[09:16:55.727709568] instant: { packet-header: { magic: 0xc1fc1fc1, data stream class id: 0, data stream id: 0 }, packet-context: { tstamp_begin: 29815527623717, tstamp_end: 29816327940138, discarded_events: 0, seq_nr: 0, content_sz: 3944, total_sz: 4096 }, event-header: { tstamp: 29815727709568, id: 2 }, event-common-context: { tid: 141887168 }, event-payload: { name: "hungry", args: "" } }
[09:16:55.727709768] instant: { packet-header: { magic: 0xc1fc1fc1, data stream class id: 0, data stream id: 0 }, packet-context: { tstamp_begin: 29815527623717, tstamp_end: 29816327940138, discarded_events: 0, seq_nr: 0, content_sz: 3944, total_sz: 4096 }, event-header: { tstamp: 29815727709768, id: 2 }, event-common-context: { tid: 141887168 }, event-payload: { name: "grabbing left fork", args: "" } }
[09:16:55.727710159] instant: { packet-header: { magic: 0xc1fc1fc1, data stream class id: 0, data stream id: 0 }, packet-context: { tstamp_begin: 29815527623717, tstamp_end: 29816327940138, discarded_events: 0, seq_nr: 0, content_sz: 3944, total_sz: 4096 }, event-header: { tstamp: 29815727710159, id: 2 }, event-common-context: { tid: 141887168 }, event-payload: { name: "grabbing right fork", args: "" } }
[09:16:55.727715349] begin: { packet-header: { magic: 0xc1fc1fc1, data stream class id: 0, data stream id: 0 }, packet-context: { tstamp_begin: 29815527623717, tstamp_end: 29816327940138, discarded_events: 0, seq_nr: 0, content_sz: 3944, total_sz: 4096 }, event-header: { tstamp: 29815727715349, id: 0 }, event-common-context: { tid: 141887168 }, event-payload: { name: "eating", args: "" } }
[09:16:55.727727902] end: { packet-header: { magic: 0xc1fc1fc1, data stream class id: 0, data stream id: 0 }, packet-context: { tstamp_begin: 29815527662610, tstamp_end: 29816327979662, discarded_events: 0, seq_nr: 0, content_sz: 3944, total_sz: 4096 }, event-header: { tstamp: 29815727727902, id: 1 }, event-common-context: { tid: 4294964928 }, event-payload: { name: "thinking", args: "" } }
[09:16:55.727732200] instant: { packet-header: { magic: 0xc1fc1fc1, data stream class id: 0, data stream id: 0 }, packet-context: { tstamp_begin: 29815527662610, tstamp_end: 29816327979662, discarded_events: 0, seq_nr: 0, content_sz: 3944, total_sz: 4096 }, event-header: { tstamp: 29815727732200, id: 2 }, event-common-context: { tid: 4294964928 }, event-payload: { name: "hungry", args: "" } }
[09:16:55.727732310] instant: { packet-header: { magic: 0xc1fc1fc1, data stream class id: 0, data stream id: 0 }, packet-context: { tstamp_begin: 29815527662610, tstamp_end: 29816327979662, discarded_events: 0, seq_nr: 0, content_sz: 3944, total_sz: 4096 }, event-header: { tstamp: 29815727732310, id: 2 }, event-common-context: { tid: 4294964928 }, event-payload: { name: "grabbing left fork", args: "" } }
[09:16:55.727732441] instant: { packet-header: { magic: 0xc1fc1fc1, data stream class id: 0, data stream id: 0 }, packet-context: { tstamp_begin: 29815527662610, tstamp_end: 29816327979662, discarded_events: 0, seq_nr: 0, content_sz: 3944, total_sz: 4096 }, event-header: { tstamp: 29815727732441, id: 2 }, event-common-context: { tid: 4294964928 }, event-payload: { name: "grabbing right fork", args: "" } }
[09:16:55.727735486] begin: { packet-header: { magic: 0xc1fc1fc1, data stream class id: 0, data stream id: 0 }, packet-context: { tstamp_begin: 29815527662610, tstamp_end: 29816327979662, discarded_events: 0, seq_nr: 0, content_sz: 3944, total_sz: 4096 }, event-header: { tstamp: 29815727735486, id: 0 }, event-common-context: { tid: 4294964928 }, event-payload: { name: "eating", args: "" } }
[09:16:55.727750064] end: { packet-header: { magic: 0xc1fc1fc1, data stream class id: 0, data stream id: 0 }, packet-context: { tstamp_begin: 29815527687126, tstamp_end: 29816327953483, discarded_events: 0, seq_nr: 0, content_sz: 3944, total_sz: 4096 }, event-header: { tstamp: 29815727750064, id: 1 }, event-common-context: { tid: 125101760 }, event-payload: { name: "thinking", args: "" } }
[09:16:55.727754702] instant: { packet-header: { magic: 0xc1fc1fc1, data stream class id: 0, data stream id: 0 }, packet-context: { tstamp_begin: 29815527687126, tstamp_end: 29816327953483, discarded_events: 0, seq_nr: 0, content_sz: 3944, total_sz: 4096 }, event-header: { tstamp: 29815727754702, id: 2 }, event-common-context: { tid: 125101760 }, event-payload: { name: "hungry", args: "" } }
[09:16:55.727754822] instant: { packet-header: { magic: 0xc1fc1fc1, data stream class id: 0, data stream id: 0 }, packet-context: { tstamp_begin: 29815527687126, tstamp_end: 29816327953483, discarded_events: 0, seq_nr: 0, content_sz: 3944, total_sz: 4096 }, event-header: { tstamp: 29815727754822, id: 2 }, event-common-context: { tid: 125101760 }, event-payload: { name: "grabbing left fork", args: "" } }
[09:16:55.727755003] instant: { packet-header: { magic: 0xc1fc1fc1, data stream class id: 0, data stream id: 0 }, packet-context: { tstamp_begin: 29815527687126, tstamp_end: 29816327953483, discarded_events: 0, seq_nr: 0, content_sz: 3944, total_sz: 4096 }, event-header: { tstamp: 29815727755003, id: 2 }, event-common-context: { tid: 125101760 }, event-payload: { name: "grabbing right fork", args: "" } }
[09:16:55.727758038] begin: { packet-header: { magic: 0xc1fc1fc1, data stream class id: 0, data stream id: 0 }, packet-context: { tstamp_begin: 29815527687126, tstamp_end: 29816327953483, discarded_events: 0, seq_nr: 0, content_sz: 3944, total_sz: 4096 }, event-header: { tstamp: 29815727758038, id: 0 }, event-common-context: { tid: 125101760 }, event-payload: { name: "eating", args: "" } }
[09:16:55.727803223] end: { packet-header: { magic: 0xc1fc1fc1, data stream class id: 0, data stream id: 0 }, packet-context: { tstamp_begin: 29815527734966, tstamp_end: 29816328014217, discarded_events: 0, seq_nr: 0, content_sz: 3944, total_sz: 4096 }, event-header: { tstamp: 29815727803223, id: 1 }, event-common-context: { tid: 116709056 }, event-payload: { name: "thinking", args: "" } }
[09:16:55.727814334] instant: { packet-header: { magic: 0xc1fc1fc1, data stream class id: 0, data stream id: 0 }, packet-context: { tstamp_begin: 29815527734966, tstamp_end: 29816328014217, discarded_events: 0, seq_nr: 0, content_sz: 3944, total_sz: 4096 }, event-header: { tstamp: 29815727814334, id: 2 }, event-common-context: { tid: 116709056 }, event-payload: { name: "hungry", args: "" } }
[09:16:55.727814514] instant: { packet-header: { magic: 0xc1fc1fc1, data stream class id: 0, data stream id: 0 }, packet-context: { tstamp_begin: 29815527734966, tstamp_end: 29816328014217, discarded_events: 0, seq_nr: 0, content_sz: 3944, total_sz: 4096 }, event-header: { tstamp: 29815727814514, id: 2 }, event-common-context: { tid: 116709056 }, event-payload: { name: "grabbing left fork", args: "" } }
[09:16:55.727814825] instant: { packet-header: { magic: 0xc1fc1fc1, data stream class id: 0, data stream id: 0 }, packet-context: { tstamp_begin: 29815527734966, tstamp_end: 29816328014217, discarded_events: 0, seq_nr: 0, content_sz: 3944, total_sz: 4096 }, event-header: { tstamp: 29815727814825, id: 2 }, event-common-context: { tid: 116709056 }, event-payload: { name: "grabbing right fork", args: "" } }
[09:16:55.727818201] begin: { packet-header: { magic: 0xc1fc1fc1, data stream class id: 0, data stream id: 0 }, packet-context: { tstamp_begin: 29815527734966, tstamp_end: 29816328014217, discarded_events: 0, seq_nr: 0, content_sz: 3944, total_sz: 4096 }, event-header: { tstamp: 29815727818201, id: 0 }, event-common-context: { tid: 116709056 }, event-payload: { name: "eating", args: "" } }
[09:16:55.927747188] end: { packet-header: { magic: 0xc1fc1fc1, data stream class id: 0, data stream id: 0 }, packet-context: { tstamp_begin: 29815527585586, tstamp_end: 29816327933526, discarded_events: 0, seq_nr: 0, content_sz: 3944, total_sz: 4096 }, event-header: { tstamp: 29815927747188, id: 1 }, event-common-context: { tid: 133494464 }, event-payload: { name: "eating", args: "" } }
[09:16:55.927747639] instant: { packet-header: { magic: 0xc1fc1fc1, data stream class id: 0, data stream id: 0 }, packet-context: { tstamp_begin: 29815527585586, tstamp_end: 29816327933526, discarded_events: 0, seq_nr: 0, content_sz: 3944, total_sz: 4096 }, event-header: { tstamp: 29815927747639, id: 2 }, event-common-context: { tid: 133494464 }, event-payload: { name: "dropping left fork", args: "" } }
[09:16:55.927748580] instant: { packet-header: { magic: 0xc1fc1fc1, data stream class id: 0, data stream id: 0 }, packet-context: { tstamp_begin: 29815527585586, tstamp_end: 29816327933526, discarded_events: 0, seq_nr: 0, content_sz: 3944, total_sz: 4096 }, event-header: { tstamp: 29815927748580, id: 2 }, event-common-context: { tid: 133494464 }, event-payload: { name: "dropping right fork", args: "" } }
[09:16:55.927762025] begin: { packet-header: { magic: 0xc1fc1fc1, data stream class id: 0, data stream id: 0 }, packet-context: { tstamp_begin: 29815527585586, tstamp_end: 29816327933526, discarded_events: 0, seq_nr: 0, content_sz: 3944, total_sz: 4096 }, event-header: { tstamp: 29815927762025, id: 0 }, event-common-context: { tid: 133494464 }, event-payload: { name: "thinking", args: "" } }
[09:16:55.927796781] end: { packet-header: { magic: 0xc1fc1fc1, data stream class id: 0, data stream id: 0 }, packet-context: { tstamp_begin: 29815527687126, tstamp_end: 29816327953483, discarded_events: 0, seq_nr: 0, content_sz: 3944, total_sz: 4096 }, event-header: { tstamp: 29815927796781, id: 1 }, event-common-context: { tid: 125101760 }, event-payload: { name: "eating", args: "" } }
[09:16:55.927797041] end: { packet-header: { magic: 0xc1fc1fc1, data stream class id: 0, data stream id: 0 }, packet-context: { tstamp_begin: 29815527623717, tstamp_end: 29816327940138, discarded_events: 0, seq_nr: 0, content_sz: 3944, total_sz: 4096 }, event-header: { tstamp: 29815927797041, id: 1 }, event-common-context: { tid: 141887168 }, event-payload: { name: "eating", args: "" } }
[09:16:55.927797131] instant: { packet-header: { magic: 0xc1fc1fc1, data stream class id: 0, data stream id: 0 }, packet-context: { tstamp_begin: 29815527687126, tstamp_end: 29816327953483, discarded_events: 0, seq_nr: 0, content_sz: 3944, total_sz: 4096 }, event-header: { tstamp: 29815927797131, id: 2 }, event-common-context: { tid: 125101760 }, event-payload: { name: "dropping left fork", args: "" } }
[09:16:55.927797211] instant: { packet-header: { magic: 0xc1fc1fc1, data stream class id: 0, data stream id: 0 }, packet-context: { tstamp_begin: 29815527687126, tstamp_end: 29816327953483, discarded_events: 0, seq_nr: 0, content_sz: 3944, total_sz: 4096 }, event-header: { tstamp: 29815927797211, id: 2 }, event-common-context: { tid: 125101760 }, event-payload: { name: "dropping right fork", args: "" } }
[09:16:55.927797552] instant: { packet-header: { magic: 0xc1fc1fc1, data stream class id: 0, data stream id: 0 }, packet-context: { tstamp_begin: 29815527623717, tstamp_end: 29816327940138, discarded_events: 0, seq_nr: 0, content_sz: 3944, total_sz: 4096 }, event-header: { tstamp: 29815927797552, id: 2 }, event-common-context: { tid: 141887168 }, event-payload: { name: "dropping left fork", args: "" } }
[09:16:55.927798053] instant: { packet-header: { magic: 0xc1fc1fc1, data stream class id: 0, data stream id: 0 }, packet-context: { tstamp_begin: 29815527623717, tstamp_end: 29816327940138, discarded_events: 0, seq_nr: 0, content_sz: 3944, total_sz: 4096 }, event-header: { tstamp: 29815927798053, id: 2 }, event-common-context: { tid: 141887168 }, event-payload: { name: "dropping right fork", args: "" } }
[09:16:55.927801549] end: { packet-header: { magic: 0xc1fc1fc1, data stream class id: 0, data stream id: 0 }, packet-context: { tstamp_begin: 29815527662610, tstamp_end: 29816327979662, discarded_events: 0, seq_nr: 0, content_sz: 3944, total_sz: 4096 }, event-header: { tstamp: 29815927801549, id: 1 }, event-common-context: { tid: 4294964928 }, event-payload: { name: "eating", args: "" } }
[09:16:55.927801870] instant: { packet-header: { magic: 0xc1fc1fc1, data stream class id: 0, data stream id: 0 }, packet-context: { tstamp_begin: 29815527662610, tstamp_end: 29816327979662, discarded_events: 0, seq_nr: 0, content_sz: 3944, total_sz: 4096 }, event-header: { tstamp: 29815927801870, id: 2 }, event-common-context: { tid: 4294964928 }, event-payload: { name: "dropping left fork", args: "" } }
[09:16:55.927802151] instant: { packet-header: { magic: 0xc1fc1fc1, data stream class id: 0, data stream id: 0 }, packet-context: { tstamp_begin: 29815527662610, tstamp_end: 29816327979662, discarded_events: 0, seq_nr: 0, content_sz: 3944, total_sz: 4096 }, event-header: { tstamp: 29815927802151, id: 2 }, event-common-context: { tid: 4294964928 }, event-payload: { name: "dropping right fork", args: "" } }
[09:16:55.927808953] begin: { packet-header: { magic: 0xc1fc1fc1, data stream class id: 0, data stream id: 0 }, packet-context: { tstamp_begin: 29815527662610, tstamp_end: 29816327979662, discarded_events: 0, seq_nr: 0, content_sz: 3944, total_sz: 4096 }, event-header: { tstamp: 29815927808953, id: 0 }, event-common-context: { tid: 4294964928 }, event-payload: { name: "thinking", args: "" } }
[09:16:55.927808993] begin: { packet-header: { magic: 0xc1fc1fc1, data stream class id: 0, data stream id: 0 }, packet-context: { tstamp_begin: 29815527687126, tstamp_end: 29816327953483, discarded_events: 0, seq_nr: 0, content_sz: 3944, total_sz: 4096 }, event-header: { tstamp: 29815927808993, id: 0 }, event-common-context: { tid: 125101760 }, event-payload: { name: "thinking", args: "" } }
[09:16:55.927826546] begin: { packet-header: { magic: 0xc1fc1fc1, data stream class id: 0, data stream id: 0 }, packet-context: { tstamp_begin: 29815527623717, tstamp_end: 29816327940138, discarded_events: 0, seq_nr: 0, content_sz: 3944, total_sz: 4096 }, event-header: { tstamp: 29815927826546, id: 0 }, event-common-context: { tid: 141887168 }, event-payload: { name: "thinking", args: "" } }
[09:16:55.927885958] end: { packet-header: { magic: 0xc1fc1fc1, data stream class id: 0, data stream id: 0 }, packet-context: { tstamp_begin: 29815527734966, tstamp_end: 29816328014217, discarded_events: 0, seq_nr: 0, content_sz: 3944, total_sz: 4096 }, event-header: { tstamp: 29815927885958, id: 1 }, event-common-context: { tid: 116709056 }, event-payload: { name: "eating", args: "" } }
[09:16:55.927886769] instant: { packet-header: { magic: 0xc1fc1fc1, data stream class id: 0, data stream id: 0 }, packet-context: { tstamp_begin: 29815527734966, tstamp_end: 29816328014217, discarded_events: 0, seq_nr: 0, content_sz: 3944, total_sz: 4096 }, event-header: { tstamp: 29815927886769, id: 2 }, event-common-context: { tid: 116709056 }, event-payload: { name: "dropping left fork", args: "" } }
[09:16:55.927887300] instant: { packet-header: { magic: 0xc1fc1fc1, data stream class id: 0, data stream id: 0 }, packet-context: { tstamp_begin: 29815527734966, tstamp_end: 29816328014217, discarded_events: 0, seq_nr: 0, content_sz: 3944, total_sz: 4096 }, event-header: { tstamp: 29815927887300, id: 2 }, event-common-context: { tid: 116709056 }, event-payload: { name: "dropping right fork", args: "" } }
[09:16:55.927896798] begin: { packet-header: { magic: 0xc1fc1fc1, data stream class id: 0, data stream id: 0 }, packet-context: { tstamp_begin: 29815527734966, tstamp_end: 29816328014217, discarded_events: 0, seq_nr: 0, content_sz: 3944, total_sz: 4096 }, event-header: { tstamp: 29815927896798, id: 0 }, event-common-context: { tid: 116709056 }, event-payload: { name: "thinking", args: "" } }
[09:16:56.127835022] end: { packet-header: { magic: 0xc1fc1fc1, data stream class id: 0, data stream id: 0 }, packet-context: { tstamp_begin: 29815527585586, tstamp_end: 29816327933526, discarded_events: 0, seq_nr: 0, content_sz: 3944, total_sz: 4096 }, event-header: { tstamp: 29816127835022, id: 1 }, event-common-context: { tid: 133494464 }, event-payload: { name: "thinking", args: "" } }
[09:16:56.127844249] end: { packet-header: { magic: 0xc1fc1fc1, data stream class id: 0, data stream id: 0 }, packet-context: { tstamp_begin: 29815527687126, tstamp_end: 29816327953483, discarded_events: 0, seq_nr: 0, content_sz: 3944, total_sz: 4096 }, event-header: { tstamp: 29816127844249, id: 1 }, event-common-context: { tid: 125101760 }, event-payload: { name: "thinking", args: "" } }
[09:16:56.127855550] instant: { packet-header: { magic: 0xc1fc1fc1, data stream class id: 0, data stream id: 0 }, packet-context: { tstamp_begin: 29815527585586, tstamp_end: 29816327933526, discarded_events: 0, seq_nr: 0, content_sz: 3944, total_sz: 4096 }, event-header: { tstamp: 29816127855550, id: 2 }, event-common-context: { tid: 133494464 }, event-payload: { name: "hungry", args: "" } }
[09:16:56.127855720] instant: { packet-header: { magic: 0xc1fc1fc1, data stream class id: 0, data stream id: 0 }, packet-context: { tstamp_begin: 29815527585586, tstamp_end: 29816327933526, discarded_events: 0, seq_nr: 0, content_sz: 3944, total_sz: 4096 }, event-header: { tstamp: 29816127855720, id: 2 }, event-common-context: { tid: 133494464 }, event-payload: { name: "grabbing left fork", args: "" } }
[09:16:56.127856151] instant: { packet-header: { magic: 0xc1fc1fc1, data stream class id: 0, data stream id: 0 }, packet-context: { tstamp_begin: 29815527585586, tstamp_end: 29816327933526, discarded_events: 0, seq_nr: 0, content_sz: 3944, total_sz: 4096 }, event-header: { tstamp: 29816127856151, id: 2 }, event-common-context: { tid: 133494464 }, event-payload: { name: "grabbing right fork", args: "" } }
[09:16:56.127862964] begin: { packet-header: { magic: 0xc1fc1fc1, data stream class id: 0, data stream id: 0 }, packet-context: { tstamp_begin: 29815527585586, tstamp_end: 29816327933526, discarded_events: 0, seq_nr: 0, content_sz: 3944, total_sz: 4096 }, event-header: { tstamp: 29816127862964, id: 0 }, event-common-context: { tid: 133494464 }, event-payload: { name: "eating", args: "" } }
[09:16:56.127876489] instant: { packet-header: { magic: 0xc1fc1fc1, data stream class id: 0, data stream id: 0 }, packet-context: { tstamp_begin: 29815527687126, tstamp_end: 29816327953483, discarded_events: 0, seq_nr: 0, content_sz: 3944, total_sz: 4096 }, event-header: { tstamp: 29816127876489, id: 2 }, event-common-context: { tid: 125101760 }, event-payload: { name: "hungry", args: "" } }
[09:16:56.127876700] instant: { packet-header: { magic: 0xc1fc1fc1, data stream class id: 0, data stream id: 0 }, packet-context: { tstamp_begin: 29815527687126, tstamp_end: 29816327953483, discarded_events: 0, seq_nr: 0, content_sz: 3944, total_sz: 4096 }, event-header: { tstamp: 29816127876700, id: 2 }, event-common-context: { tid: 125101760 }, event-payload: { name: "grabbing left fork", args: "" } }
[09:16:56.127877130] instant: { packet-header: { magic: 0xc1fc1fc1, data stream class id: 0, data stream id: 0 }, packet-context: { tstamp_begin: 29815527687126, tstamp_end: 29816327953483, discarded_events: 0, seq_nr: 0, content_sz: 3944, total_sz: 4096 }, event-header: { tstamp: 29816127877130, id: 2 }, event-common-context: { tid: 125101760 }, event-payload: { name: "grabbing right fork", args: "" } }
[09:16:56.127878433] end: { packet-header: { magic: 0xc1fc1fc1, data stream class id: 0, data stream id: 0 }, packet-context: { tstamp_begin: 29815527662610, tstamp_end: 29816327979662, discarded_events: 0, seq_nr: 0, content_sz: 3944, total_sz: 4096 }, event-header: { tstamp: 29816127878433, id: 1 }, event-common-context: { tid: 4294964928 }, event-payload: { name: "thinking", args: "" } }
[09:16:56.127889053] begin: { packet-header: { magic: 0xc1fc1fc1, data stream class id: 0, data stream id: 0 }, packet-context: { tstamp_begin: 29815527687126, tstamp_end: 29816327953483, discarded_events: 0, seq_nr: 0, content_sz: 3944, total_sz: 4096 }, event-header: { tstamp: 29816127889053, id: 0 }, event-common-context: { tid: 125101760 }, event-payload: { name: "eating", args: "" } }
[09:16:56.127893261] end: { packet-header: { magic: 0xc1fc1fc1, data stream class id: 0, data stream id: 0 }, packet-context: { tstamp_begin: 29815527623717, tstamp_end: 29816327940138, discarded_events: 0, seq_nr: 0, content_sz: 3944, total_sz: 4096 }, event-header: { tstamp: 29816127893261, id: 1 }, event-common-context: { tid: 141887168 }, event-payload: { name: "thinking", args: "" } }
[09:16:56.127898821] instant: { packet-header: { magic: 0xc1fc1fc1, data stream class id: 0, data stream id: 0 }, packet-context: { tstamp_begin: 29815527623717, tstamp_end: 29816327940138, discarded_events: 0, seq_nr: 0, content_sz: 3944, total_sz: 4096 }, event-header: { tstamp: 29816127898821, id: 2 }, event-common-context: { tid: 141887168 }, event-payload: { name: "hungry", args: "" } }
[09:16:56.127898901] instant: { packet-header: { magic: 0xc1fc1fc1, data stream class id: 0, data stream id: 0 }, packet-context: { tstamp_begin: 29815527623717, tstamp_end: 29816327940138, discarded_events: 0, seq_nr: 0, content_sz: 3944, total_sz: 4096 }, event-header: { tstamp: 29816127898901, id: 2 }, event-common-context: { tid: 141887168 }, event-payload: { name: "grabbing left fork", args: "" } }
[09:16:56.127899001] instant: { packet-header: { magic: 0xc1fc1fc1, data stream class id: 0, data stream id: 0 }, packet-context: { tstamp_begin: 29815527623717, tstamp_end: 29816327940138, discarded_events: 0, seq_nr: 0, content_sz: 3944, total_sz: 4096 }, event-header: { tstamp: 29816127899001, id: 2 }, event-common-context: { tid: 141887168 }, event-payload: { name: "grabbing right fork", args: "" } }
[09:16:56.127904422] begin: { packet-header: { magic: 0xc1fc1fc1, data stream class id: 0, data stream id: 0 }, packet-context: { tstamp_begin: 29815527623717, tstamp_end: 29816327940138, discarded_events: 0, seq_nr: 0, content_sz: 3944, total_sz: 4096 }, event-header: { tstamp: 29816127904422, id: 0 }, event-common-context: { tid: 141887168 }, event-payload: { name: "eating", args: "" } }
[09:16:56.127914901] instant: { packet-header: { magic: 0xc1fc1fc1, data stream class id: 0, data stream id: 0 }, packet-context: { tstamp_begin: 29815527662610, tstamp_end: 29816327979662, discarded_events: 0, seq_nr: 0, content_sz: 3944, total_sz: 4096 }, event-header: { tstamp: 29816127914901, id: 2 }, event-common-context: { tid: 4294964928 }, event-payload: { name: "hungry", args: "" } }
[09:16:56.127915072] instant: { packet-header: { magic: 0xc1fc1fc1, data stream class id: 0, data stream id: 0 }, packet-context: { tstamp_begin: 29815527662610, tstamp_end: 29816327979662, discarded_events: 0, seq_nr: 0, content_sz: 3944, total_sz: 4096 }, event-header: { tstamp: 29816127915072, id: 2 }, event-common-context: { tid: 4294964928 }, event-payload: { name: "grabbing left fork", args: "" } }
[09:16:56.127915322] instant: { packet-header: { magic: 0xc1fc1fc1, data stream class id: 0, data stream id: 0 }, packet-context: { tstamp_begin: 29815527662610, tstamp_end: 29816327979662, discarded_events: 0, seq_nr: 0, content_sz: 3944, total_sz: 4096 }, event-header: { tstamp: 29816127915322, id: 2 }, event-common-context: { tid: 4294964928 }, event-payload: { name: "grabbing right fork", args: "" } }
[09:16:56.127920622] begin: { packet-header: { magic: 0xc1fc1fc1, data stream class id: 0, data stream id: 0 }, packet-context: { tstamp_begin: 29815527662610, tstamp_end: 29816327979662, discarded_events: 0, seq_nr: 0, content_sz: 3944, total_sz: 4096 }, event-header: { tstamp: 29816127920622, id: 0 }, event-common-context: { tid: 4294964928 }, event-payload: { name: "eating", args: "" } }
[09:16:56.127962370] end: { packet-header: { magic: 0xc1fc1fc1, data stream class id: 0, data stream id: 0 }, packet-context: { tstamp_begin: 29815527734966, tstamp_end: 29816328014217, discarded_events: 0, seq_nr: 0, content_sz: 3944, total_sz: 4096 }, event-header: { tstamp: 29816127962370, id: 1 }, event-common-context: { tid: 116709056 }, event-payload: { name: "thinking", args: "" } }
[09:16:56.127969934] instant: { packet-header: { magic: 0xc1fc1fc1, data stream class id: 0, data stream id: 0 }, packet-context: { tstamp_begin: 29815527734966, tstamp_end: 29816328014217, discarded_events: 0, seq_nr: 0, content_sz: 3944, total_sz: 4096 }, event-header: { tstamp: 29816127969934, id: 2 }, event-common-context: { tid: 116709056 }, event-payload: { name: "hungry", args: "" } }
[09:16:56.127970085] instant: { packet-header: { magic: 0xc1fc1fc1, data stream class id: 0, data stream id: 0 }, packet-context: { tstamp_begin: 29815527734966, tstamp_end: 29816328014217, discarded_events: 0, seq_nr: 0, content_sz: 3944, total_sz: 4096 }, event-header: { tstamp: 29816127970085, id: 2 }, event-common-context: { tid: 116709056 }, event-payload: { name: "grabbing left fork", args: "" } }
[09:16:56.127970305] instant: { packet-header: { magic: 0xc1fc1fc1, data stream class id: 0, data stream id: 0 }, packet-context: { tstamp_begin: 29815527734966, tstamp_end: 29816328014217, discarded_events: 0, seq_nr: 0, content_sz: 3944, total_sz: 4096 }, event-header: { tstamp: 29816127970305, id: 2 }, event-common-context: { tid: 116709056 }, event-payload: { name: "grabbing right fork", args: "" } }
[09:16:56.127976376] begin: { packet-header: { magic: 0xc1fc1fc1, data stream class id: 0, data stream id: 0 }, packet-context: { tstamp_begin: 29815527734966, tstamp_end: 29816328014217, discarded_events: 0, seq_nr: 0, content_sz: 3944, total_sz: 4096 }, event-header: { tstamp: 29816127976376, id: 0 }, event-common-context: { tid: 116709056 }, event-payload: { name: "eating", args: "" } }
[09:16:56.327931562] end: { packet-header: { magic: 0xc1fc1fc1, data stream class id: 0, data stream id: 0 }, packet-context: { tstamp_begin: 29815527585586, tstamp_end: 29816327933526, discarded_events: 0, seq_nr: 0, content_sz: 3944, total_sz: 4096 }, event-header: { tstamp: 29816327931562, id: 1 }, event-common-context: { tid: 133494464 }, event-payload: { name: "eating", args: "" } }
[09:16:56.327932454] instant: { packet-header: { magic: 0xc1fc1fc1, data stream class id: 0, data stream id: 0 }, packet-context: { tstamp_begin: 29815527585586, tstamp_end: 29816327933526, discarded_events: 0, seq_nr: 0, content_sz: 3944, total_sz: 4096 }, event-header: { tstamp: 29816327932454, id: 2 }, event-common-context: { tid: 133494464 }, event-payload: { name: "dropping left fork", args: "" } }
[09:16:56.327938585] end: { packet-header: { magic: 0xc1fc1fc1, data stream class id: 0, data stream id: 0 }, packet-context: { tstamp_begin: 29815527623717, tstamp_end: 29816327940138, discarded_events: 0, seq_nr: 0, content_sz: 3944, total_sz: 4096 }, event-header: { tstamp: 29816327938585, id: 1 }, event-common-context: { tid: 141887168 }, event-payload: { name: "eating", args: "" } }
[09:16:56.327939026] instant: { packet-header: { magic: 0xc1fc1fc1, data stream class id: 0, data stream id: 0 }, packet-context: { tstamp_begin: 29815527623717, tstamp_end: 29816327940138, discarded_events: 0, seq_nr: 0, content_sz: 3944, total_sz: 4096 }, event-header: { tstamp: 29816327939026, id: 2 }, event-common-context: { tid: 141887168 }, event-payload: { name: "dropping left fork", args: "" } }
[09:16:56.327940188] instant: { packet-header: { magic: 0xc1fc1fc1, data stream class id: 0, data stream id: 0 }, packet-context: { tstamp_begin: 29816327940138, tstamp_end: 29816728128359, discarded_events: 0, seq_nr: 1, content_sz: 2544, total_sz: 4096 }, event-header: { tstamp: 29816327940188, id: 2 }, event-common-context: { tid: 133494464 }, event-payload: { name: "dropping right fork", args: "" } }
[09:16:56.327948924] instant: { packet-header: { magic: 0xc1fc1fc1, data stream class id: 0, data stream id: 0 }, packet-context: { tstamp_begin: 29816327948854, tstamp_end: 29816728108993, discarded_events: 0, seq_nr: 1, content_sz: 2544, total_sz: 4096 }, event-header: { tstamp: 29816327948924, id: 2 }, event-common-context: { tid: 141887168 }, event-payload: { name: "dropping right fork", args: "" } }
[09:16:56.327952511] end: { packet-header: { magic: 0xc1fc1fc1, data stream class id: 0, data stream id: 0 }, packet-context: { tstamp_begin: 29815527687126, tstamp_end: 29816327953483, discarded_events: 0, seq_nr: 0, content_sz: 3944, total_sz: 4096 }, event-header: { tstamp: 29816327952511, id: 1 }, event-common-context: { tid: 125101760 }, event-payload: { name: "eating", args: "" } }
[09:16:56.327952992] instant: { packet-header: { magic: 0xc1fc1fc1, data stream class id: 0, data stream id: 0 }, packet-context: { tstamp_begin: 29815527687126, tstamp_end: 29816327953483, discarded_events: 0, seq_nr: 0, content_sz: 3944, total_sz: 4096 }, event-header: { tstamp: 29816327952992, id: 2 }, event-common-context: { tid: 125101760 }, event-payload: { name: "dropping left fork", args: "" } }
[09:16:56.327956268] instant: { packet-header: { magic: 0xc1fc1fc1, data stream class id: 0, data stream id: 0 }, packet-context: { tstamp_begin: 29816327956228, tstamp_end: 29816728108382, discarded_events: 0, seq_nr: 1, content_sz: 2544, total_sz: 4096 }, event-header: { tstamp: 29816327956268, id: 2 }, event-common-context: { tid: 125101760 }, event-payload: { name: "dropping right fork", args: "" } }
[09:16:56.327961688] begin: { packet-header: { magic: 0xc1fc1fc1, data stream class id: 0, data stream id: 0 }, packet-context: { tstamp_begin: 29816327940138, tstamp_end: 29816728128359, discarded_events: 0, seq_nr: 1, content_sz: 2544, total_sz: 4096 }, event-header: { tstamp: 29816327961688, id: 0 }, event-common-context: { tid: 133494464 }, event-payload: { name: "thinking", args: "" } }
[09:16:56.327963261] begin: { packet-header: { magic: 0xc1fc1fc1, data stream class id: 0, data stream id: 0 }, packet-context: { tstamp_begin: 29816327956228, tstamp_end: 29816728108382, discarded_events: 0, seq_nr: 1, content_sz: 2544, total_sz: 4096 }, event-header: { tstamp: 29816327963261, id: 0 }, event-common-context: { tid: 125101760 }, event-payload: { name: "thinking", args: "" } }
[09:16:56.327979221] end: { packet-header: { magic: 0xc1fc1fc1, data stream class id: 0, data stream id: 0 }, packet-context: { tstamp_begin: 29815527662610, tstamp_end: 29816327979662, discarded_events: 0, seq_nr: 0, content_sz: 3944, total_sz: 4096 }, event-header: { tstamp: 29816327979221, id: 1 }, event-common-context: { tid: 4294964928 }, event-payload: { name: "eating", args: "" } }
[09:16:56.327979502] instant: { packet-header: { magic: 0xc1fc1fc1, data stream class id: 0, data stream id: 0 }, packet-context: { tstamp_begin: 29815527662610, tstamp_end: 29816327979662, discarded_events: 0, seq_nr: 0, content_sz: 3944, total_sz: 4096 }, event-header: { tstamp: 29816327979502, id: 2 }, event-common-context: { tid: 4294964928 }, event-payload: { name: "dropping left fork", args: "" } }
[09:16:56.327984160] instant: { packet-header: { magic: 0xc1fc1fc1, data stream class id: 0, data stream id: 0 }, packet-context: { tstamp_begin: 29816327984130, tstamp_end: 29816728108412, discarded_events: 0, seq_nr: 1, content_sz: 2544, total_sz: 4096 }, event-header: { tstamp: 29816327984160, id: 2 }, event-common-context: { tid: 4294964928 }, event-payload: { name: "dropping right fork", args: "" } }
[09:16:56.327989420] begin: { packet-header: { magic: 0xc1fc1fc1, data stream class id: 0, data stream id: 0 }, packet-context: { tstamp_begin: 29816327948854, tstamp_end: 29816728108993, discarded_events: 0, seq_nr: 1, content_sz: 2544, total_sz: 4096 }, event-header: { tstamp: 29816327989420, id: 0 }, event-common-context: { tid: 141887168 }, event-payload: { name: "thinking", args: "" } }
[09:16:56.327996163] begin: { packet-header: { magic: 0xc1fc1fc1, data stream class id: 0, data stream id: 0 }, packet-context: { tstamp_begin: 29816327984130, tstamp_end: 29816728108412, discarded_events: 0, seq_nr: 1, content_sz: 2544, total_sz: 4096 }, event-header: { tstamp: 29816327996163, id: 0 }, event-common-context: { tid: 4294964928 }, event-payload: { name: "thinking", args: "" } }
[09:16:56.328013766] end: { packet-header: { magic: 0xc1fc1fc1, data stream class id: 0, data stream id: 0 }, packet-context: { tstamp_begin: 29815527734966, tstamp_end: 29816328014217, discarded_events: 0, seq_nr: 0, content_sz: 3944, total_sz: 4096 }, event-header: { tstamp: 29816328013766, id: 1 }, event-common-context: { tid: 116709056 }, event-payload: { name: "eating", args: "" } }
[09:16:56.328014056] instant: { packet-header: { magic: 0xc1fc1fc1, data stream class id: 0, data stream id: 0 }, packet-context: { tstamp_begin: 29815527734966, tstamp_end: 29816328014217, discarded_events: 0, seq_nr: 0, content_sz: 3944, total_sz: 4096 }, event-header: { tstamp: 29816328014056, id: 2 }, event-common-context: { tid: 116709056 }, event-payload: { name: "dropping left fork", args: "" } }
[09:16:56.328016701] instant: { packet-header: { magic: 0xc1fc1fc1, data stream class id: 0, data stream id: 0 }, packet-context: { tstamp_begin: 29816328016671, tstamp_end: 29816728117629, discarded_events: 0, seq_nr: 1, content_sz: 2544, total_sz: 4096 }, event-header: { tstamp: 29816328016701, id: 2 }, event-common-context: { tid: 116709056 }, event-payload: { name: "dropping right fork", args: "" } }
[09:16:56.328019987] begin: { packet-header: { magic: 0xc1fc1fc1, data stream class id: 0, data stream id: 0 }, packet-context: { tstamp_begin: 29816328016671, tstamp_end: 29816728117629, discarded_events: 0, seq_nr: 1, content_sz: 2544, total_sz: 4096 }, event-header: { tstamp: 29816328019987, id: 0 }, event-common-context: { tid: 116709056 }, event-payload: { name: "thinking", args: "" } }
[09:16:56.528012082] end: { packet-header: { magic: 0xc1fc1fc1, data stream class id: 0, data stream id: 0 }, packet-context: { tstamp_begin: 29816327948854, tstamp_end: 29816728108993, discarded_events: 0, seq_nr: 1, content_sz: 2544, total_sz: 4096 }, event-header: { tstamp: 29816528012082, id: 1 }, event-common-context: { tid: 141887168 }, event-payload: { name: "thinking", args: "" } }
[09:16:56.528018043] end: { packet-header: { magic: 0xc1fc1fc1, data stream class id: 0, data stream id: 0 }, packet-context: { tstamp_begin: 29816327940138, tstamp_end: 29816728128359, discarded_events: 0, seq_nr: 1, content_sz: 2544, total_sz: 4096 }, event-header: { tstamp: 29816528018043, id: 1 }, event-common-context: { tid: 133494464 }, event-payload: { name: "thinking", args: "" } }
[09:16:56.528026369] end: { packet-header: { magic: 0xc1fc1fc1, data stream class id: 0, data stream id: 0 }, packet-context: { tstamp_begin: 29816327956228, tstamp_end: 29816728108382, discarded_events: 0, seq_nr: 1, content_sz: 2544, total_sz: 4096 }, event-header: { tstamp: 29816528026369, id: 1 }, event-common-context: { tid: 125101760 }, event-payload: { name: "thinking", args: "" } }
[09:16:56.528027792] instant: { packet-header: { magic: 0xc1fc1fc1, data stream class id: 0, data stream id: 0 }, packet-context: { tstamp_begin: 29816327948854, tstamp_end: 29816728108993, discarded_events: 0, seq_nr: 1, content_sz: 2544, total_sz: 4096 }, event-header: { tstamp: 29816528027792, id: 2 }, event-common-context: { tid: 141887168 }, event-payload: { name: "hungry", args: "" } }
[09:16:56.528027912] instant: { packet-header: { magic: 0xc1fc1fc1, data stream class id: 0, data stream id: 0 }, packet-context: { tstamp_begin: 29816327948854, tstamp_end: 29816728108993, discarded_events: 0, seq_nr: 1, content_sz: 2544, total_sz: 4096 }, event-header: { tstamp: 29816528027912, id: 2 }, event-common-context: { tid: 141887168 }, event-payload: { name: "grabbing left fork", args: "" } }
[09:16:56.528028252] instant: { packet-header: { magic: 0xc1fc1fc1, data stream class id: 0, data stream id: 0 }, packet-context: { tstamp_begin: 29816327948854, tstamp_end: 29816728108993, discarded_events: 0, seq_nr: 1, content_sz: 2544, total_sz: 4096 }, event-header: { tstamp: 29816528028252, id: 2 }, event-common-context: { tid: 141887168 }, event-payload: { name: "grabbing right fork", args: "" } }
[09:16:56.528031799] end: { packet-header: { magic: 0xc1fc1fc1, data stream class id: 0, data stream id: 0 }, packet-context: { tstamp_begin: 29816327984130, tstamp_end: 29816728108412, discarded_events: 0, seq_nr: 1, content_sz: 2544, total_sz: 4096 }, event-header: { tstamp: 29816528031799, id: 1 }, event-common-context: { tid: 4294964928 }, event-payload: { name: "thinking", args: "" } }
[09:16:56.528035155] instant: { packet-header: { magic: 0xc1fc1fc1, data stream class id: 0, data stream id: 0 }, packet-context: { tstamp_begin: 29816327956228, tstamp_end: 29816728108382, discarded_events: 0, seq_nr: 1, content_sz: 2544, total_sz: 4096 }, event-header: { tstamp: 29816528035155, id: 2 }, event-common-context: { tid: 125101760 }, event-payload: { name: "hungry", args: "" } }
[09:16:56.528035276] instant: { packet-header: { magic: 0xc1fc1fc1, data stream class id: 0, data stream id: 0 }, packet-context: { tstamp_begin: 29816327956228, tstamp_end: 29816728108382, discarded_events: 0, seq_nr: 1, content_sz: 2544, total_sz: 4096 }, event-header: { tstamp: 29816528035276, id: 2 }, event-common-context: { tid: 125101760 }, event-payload: { name: "grabbing left fork", args: "" } }
[09:16:56.528035456] instant: { packet-header: { magic: 0xc1fc1fc1, data stream class id: 0, data stream id: 0 }, packet-context: { tstamp_begin: 29816327956228, tstamp_end: 29816728108382, discarded_events: 0, seq_nr: 1, content_sz: 2544, total_sz: 4096 }, event-header: { tstamp: 29816528035456, id: 2 }, event-common-context: { tid: 125101760 }, event-payload: { name: "grabbing right fork", args: "" } }
[09:16:56.528040596] begin: { packet-header: { magic: 0xc1fc1fc1, data stream class id: 0, data stream id: 0 }, packet-context: { tstamp_begin: 29816327956228, tstamp_end: 29816728108382, discarded_events: 0, seq_nr: 1, content_sz: 2544, total_sz: 4096 }, event-header: { tstamp: 29816528040596, id: 0 }, event-common-context: { tid: 125101760 }, event-payload: { name: "eating", args: "" } }
[09:16:56.528044693] begin: { packet-header: { magic: 0xc1fc1fc1, data stream class id: 0, data stream id: 0 }, packet-context: { tstamp_begin: 29816327948854, tstamp_end: 29816728108993, discarded_events: 0, seq_nr: 1, content_sz: 2544, total_sz: 4096 }, event-header: { tstamp: 29816528044693, id: 0 }, event-common-context: { tid: 141887168 }, event-payload: { name: "eating", args: "" } }
[09:16:56.528057327] instant: { packet-header: { magic: 0xc1fc1fc1, data stream class id: 0, data stream id: 0 }, packet-context: { tstamp_begin: 29816327940138, tstamp_end: 29816728128359, discarded_events: 0, seq_nr: 1, content_sz: 2544, total_sz: 4096 }, event-header: { tstamp: 29816528057327, id: 2 }, event-common-context: { tid: 133494464 }, event-payload: { name: "hungry", args: "" } }
[09:16:56.528057437] instant: { packet-header: { magic: 0xc1fc1fc1, data stream class id: 0, data stream id: 0 }, packet-context: { tstamp_begin: 29816327940138, tstamp_end: 29816728128359, discarded_events: 0, seq_nr: 1, content_sz: 2544, total_sz: 4096 }, event-header: { tstamp: 29816528057437, id: 2 }, event-common-context: { tid: 133494464 }, event-payload: { name: "grabbing left fork", args: "" } }
[09:16:56.528057627] instant: { packet-header: { magic: 0xc1fc1fc1, data stream class id: 0, data stream id: 0 }, packet-context: { tstamp_begin: 29816327940138, tstamp_end: 29816728128359, discarded_events: 0, seq_nr: 1, content_sz: 2544, total_sz: 4096 }, event-header: { tstamp: 29816528057627, id: 2 }, event-common-context: { tid: 133494464 }, event-payload: { name: "grabbing right fork", args: "" } }
[09:16:56.528061024] begin: { packet-header: { magic: 0xc1fc1fc1, data stream class id: 0, data stream id: 0 }, packet-context: { tstamp_begin: 29816327940138, tstamp_end: 29816728128359, discarded_events: 0, seq_nr: 1, content_sz: 2544, total_sz: 4096 }, event-header: { tstamp: 29816528061024, id: 0 }, event-common-context: { tid: 133494464 }, event-payload: { name: "eating", args: "" } }
[09:16:56.528065572] instant: { packet-header: { magic: 0xc1fc1fc1, data stream class id: 0, data stream id: 0 }, packet-context: { tstamp_begin: 29816327984130, tstamp_end: 29816728108412, discarded_events: 0, seq_nr: 1, content_sz: 2544, total_sz: 4096 }, event-header: { tstamp: 29816528065572, id: 2 }, event-common-context: { tid: 4294964928 }, event-payload: { name: "hungry", args: "" } }
[09:16:56.528065662] instant: { packet-header: { magic: 0xc1fc1fc1, data stream class id: 0, data stream id: 0 }, packet-context: { tstamp_begin: 29816327984130, tstamp_end: 29816728108412, discarded_events: 0, seq_nr: 1, content_sz: 2544, total_sz: 4096 }, event-header: { tstamp: 29816528065662, id: 2 }, event-common-context: { tid: 4294964928 }, event-payload: { name: "grabbing left fork", args: "" } }
[09:16:56.528065733] instant: { packet-header: { magic: 0xc1fc1fc1, data stream class id: 0, data stream id: 0 }, packet-context: { tstamp_begin: 29816327984130, tstamp_end: 29816728108412, discarded_events: 0, seq_nr: 1, content_sz: 2544, total_sz: 4096 }, event-header: { tstamp: 29816528065733, id: 2 }, event-common-context: { tid: 4294964928 }, event-payload: { name: "grabbing right fork", args: "" } }
[09:16:56.528068878] begin: { packet-header: { magic: 0xc1fc1fc1, data stream class id: 0, data stream id: 0 }, packet-context: { tstamp_begin: 29816327984130, tstamp_end: 29816728108412, discarded_events: 0, seq_nr: 1, content_sz: 2544, total_sz: 4096 }, event-header: { tstamp: 29816528068878, id: 0 }, event-common-context: { tid: 4294964928 }, event-payload: { name: "eating", args: "" } }
[09:16:56.528078727] end: { packet-header: { magic: 0xc1fc1fc1, data stream class id: 0, data stream id: 0 }, packet-context: { tstamp_begin: 29816328016671, tstamp_end: 29816728117629, discarded_events: 0, seq_nr: 1, content_sz: 2544, total_sz: 4096 }, event-header: { tstamp: 29816528078727, id: 1 }, event-common-context: { tid: 116709056 }, event-payload: { name: "thinking", args: "" } }
[09:16:56.528081682] instant: { packet-header: { magic: 0xc1fc1fc1, data stream class id: 0, data stream id: 0 }, packet-context: { tstamp_begin: 29816328016671, tstamp_end: 29816728117629, discarded_events: 0, seq_nr: 1, content_sz: 2544, total_sz: 4096 }, event-header: { tstamp: 29816528081682, id: 2 }, event-common-context: { tid: 116709056 }, event-payload: { name: "hungry", args: "" } }
[09:16:56.528081753] instant: { packet-header: { magic: 0xc1fc1fc1, data stream class id: 0, data stream id: 0 }, packet-context: { tstamp_begin: 29816328016671, tstamp_end: 29816728117629, discarded_events: 0, seq_nr: 1, content_sz: 2544, total_sz: 4096 }, event-header: { tstamp: 29816528081753, id: 2 }, event-common-context: { tid: 116709056 }, event-payload: { name: "grabbing left fork", args: "" } }
[09:16:56.528081823] instant: { packet-header: { magic: 0xc1fc1fc1, data stream class id: 0, data stream id: 0 }, packet-context: { tstamp_begin: 29816328016671, tstamp_end: 29816728117629, discarded_events: 0, seq_nr: 1, content_sz: 2544, total_sz: 4096 }, event-header: { tstamp: 29816528081823, id: 2 }, event-common-context: { tid: 116709056 }, event-payload: { name: "grabbing right fork", args: "" } }
[09:16:56.528084087] begin: { packet-header: { magic: 0xc1fc1fc1, data stream class id: 0, data stream id: 0 }, packet-context: { tstamp_begin: 29816328016671, tstamp_end: 29816728117629, discarded_events: 0, seq_nr: 1, content_sz: 2544, total_sz: 4096 }, event-header: { tstamp: 29816528084087, id: 0 }, event-common-context: { tid: 116709056 }, event-payload: { name: "eating", args: "" } }
[09:16:56.728106508] end: { packet-header: { magic: 0xc1fc1fc1, data stream class id: 0, data stream id: 0 }, packet-context: { tstamp_begin: 29816327956228, tstamp_end: 29816728108382, discarded_events: 0, seq_nr: 1, content_sz: 2544, total_sz: 4096 }, event-header: { tstamp: 29816728106508, id: 1 }, event-common-context: { tid: 125101760 }, event-payload: { name: "eating", args: "" } }
[09:16:56.728106899] instant: { packet-header: { magic: 0xc1fc1fc1, data stream class id: 0, data stream id: 0 }, packet-context: { tstamp_begin: 29816327956228, tstamp_end: 29816728108382, discarded_events: 0, seq_nr: 1, content_sz: 2544, total_sz: 4096 }, event-header: { tstamp: 29816728106899, id: 2 }, event-common-context: { tid: 125101760 }, event-payload: { name: "dropping left fork", args: "" } }
[09:16:56.728107370] end: { packet-header: { magic: 0xc1fc1fc1, data stream class id: 0, data stream id: 0 }, packet-context: { tstamp_begin: 29816327984130, tstamp_end: 29816728108412, discarded_events: 0, seq_nr: 1, content_sz: 2544, total_sz: 4096 }, event-header: { tstamp: 29816728107370, id: 1 }, event-common-context: { tid: 4294964928 }, event-payload: { name: "eating", args: "" } }
[09:16:56.728107731] instant: { packet-header: { magic: 0xc1fc1fc1, data stream class id: 0, data stream id: 0 }, packet-context: { tstamp_begin: 29816327984130, tstamp_end: 29816728108412, discarded_events: 0, seq_nr: 1, content_sz: 2544, total_sz: 4096 }, event-header: { tstamp: 29816728107731, id: 2 }, event-common-context: { tid: 4294964928 }, event-payload: { name: "dropping left fork", args: "" } }
[09:16:56.728107741] instant: { packet-header: { magic: 0xc1fc1fc1, data stream class id: 0, data stream id: 0 }, packet-context: { tstamp_begin: 29816327956228, tstamp_end: 29816728108382, discarded_events: 0, seq_nr: 1, content_sz: 2544, total_sz: 4096 }, event-header: { tstamp: 29816728107741, id: 2 }, event-common-context: { tid: 125101760 }, event-payload: { name: "dropping right fork", args: "" } }
[09:16:56.728108001] end: { packet-header: { magic: 0xc1fc1fc1, data stream class id: 0, data stream id: 0 }, packet-context: { tstamp_begin: 29816327948854, tstamp_end: 29816728108993, discarded_events: 0, seq_nr: 1, content_sz: 2544, total_sz: 4096 }, event-header: { tstamp: 29816728108001, id: 1 }, event-common-context: { tid: 141887168 }, event-payload: { name: "eating", args: "" } }
[09:16:56.728108111] instant: { packet-header: { magic: 0xc1fc1fc1, data stream class id: 0, data stream id: 0 }, packet-context: { tstamp_begin: 29816327984130, tstamp_end: 29816728108412, discarded_events: 0, seq_nr: 1, content_sz: 2544, total_sz: 4096 }, event-header: { tstamp: 29816728108111, id: 2 }, event-common-context: { tid: 4294964928 }, event-payload: { name: "dropping right fork", args: "" } }
[09:16:56.728108352] instant: { packet-header: { magic: 0xc1fc1fc1, data stream class id: 0, data stream id: 0 }, packet-context: { tstamp_begin: 29816327948854, tstamp_end: 29816728108993, discarded_events: 0, seq_nr: 1, content_sz: 2544, total_sz: 4096 }, event-header: { tstamp: 29816728108352, id: 2 }, event-common-context: { tid: 141887168 }, event-payload: { name: "dropping left fork", args: "" } }
[09:16:56.728108693] instant: { packet-header: { magic: 0xc1fc1fc1, data stream class id: 0, data stream id: 0 }, packet-context: { tstamp_begin: 29816327948854, tstamp_end: 29816728108993, discarded_events: 0, seq_nr: 1, content_sz: 2544, total_sz: 4096 }, event-header: { tstamp: 29816728108693, id: 2 }, event-common-context: { tid: 141887168 }, event-payload: { name: "dropping right fork", args: "" } }
[09:16:56.728117068] end: { packet-header: { magic: 0xc1fc1fc1, data stream class id: 0, data stream id: 0 }, packet-context: { tstamp_begin: 29816328016671, tstamp_end: 29816728117629, discarded_events: 0, seq_nr: 1, content_sz: 2544, total_sz: 4096 }, event-header: { tstamp: 29816728117068, id: 1 }, event-common-context: { tid: 116709056 }, event-payload: { name: "eating", args: "" } }
[09:16:56.728117399] instant: { packet-header: { magic: 0xc1fc1fc1, data stream class id: 0, data stream id: 0 }, packet-context: { tstamp_begin: 29816328016671, tstamp_end: 29816728117629, discarded_events: 0, seq_nr: 1, content_sz: 2544, total_sz: 4096 }, event-header: { tstamp: 29816728117399, id: 2 }, event-common-context: { tid: 116709056 }, event-payload: { name: "dropping left fork", args: "" } }
[09:16:56.728117479] instant: { packet-header: { magic: 0xc1fc1fc1, data stream class id: 0, data stream id: 0 }, packet-context: { tstamp_begin: 29816328016671, tstamp_end: 29816728117629, discarded_events: 0, seq_nr: 1, content_sz: 2544, total_sz: 4096 }, event-header: { tstamp: 29816728117479, id: 2 }, event-common-context: { tid: 116709056 }, event-payload: { name: "dropping right fork", args: "" } }
[09:16:56.728126796] end: { packet-header: { magic: 0xc1fc1fc1, data stream class id: 0, data stream id: 0 }, packet-context: { tstamp_begin: 29816327940138, tstamp_end: 29816728128359, discarded_events: 0, seq_nr: 1, content_sz: 2544, total_sz: 4096 }, event-header: { tstamp: 29816728126796, id: 1 }, event-common-context: { tid: 133494464 }, event-payload: { name: "eating", args: "" } }
[09:16:56.728127668] instant: { packet-header: { magic: 0xc1fc1fc1, data stream class id: 0, data stream id: 0 }, packet-context: { tstamp_begin: 29816327940138, tstamp_end: 29816728128359, discarded_events: 0, seq_nr: 1, content_sz: 2544, total_sz: 4096 }, event-header: { tstamp: 29816728127668, id: 2 }, event-common-context: { tid: 133494464 }, event-payload: { name: "dropping left fork", args: "" } }
[09:16:56.728127979] instant: { packet-header: { magic: 0xc1fc1fc1, data stream class id: 0, data stream id: 0 }, packet-context: { tstamp_begin: 29816327940138, tstamp_end: 29816728128359, discarded_events: 0, seq_nr: 1, content_sz: 2544, total_sz: 4096 }, event-header: { tstamp: 29816728127979, id: 2 }, event-common-context: { tid: 133494464 }, event-payload: { name: "dropping right fork", args: "" } }
[09:16:56.736994188] end: { packet-header: { magic: 0xc1fc1fc1, data stream class id: 0, data stream id: 0 }, packet-context: { tstamp_begin: 29815527225241, tstamp_end: 29816736994810, discarded_events: 0, seq_nr: 0, content_sz: 1864, total_sz: 4096 }, event-header: { tstamp: 29816736994188, id: 1 }, event-common-context: { tid: 150284608 }, event-payload: { name: "serving the guests", args: "" } }
[09:16:56.736994479] begin: { packet-header: { magic: 0xc1fc1fc1, data stream class id: 0, data stream id: 0 }, packet-context: { tstamp_begin: 29815527225241, tstamp_end: 29816736994810, discarded_events: 0, seq_nr: 0, content_sz: 1864, total_sz: 4096 }, event-header: { tstamp: 29816736994479, id: 0 }, event-common-context: { tid: 150284608 }, event-payload: { name: "doing the dishes", args: "" } }
[09:16:56.736994659] end: { packet-header: { magic: 0xc1fc1fc1, data stream class id: 0, data stream id: 0 }, packet-context: { tstamp_begin: 29815527225241, tstamp_end: 29816736994810, discarded_events: 0, seq_nr: 0, content_sz: 1864, total_sz: 4096 }, event-header: { tstamp: 29816736994659, id: 1 }, event-common-context: { tid: 150284608 }, event-payload: { name: "doing the dishes", args: "" } }
