32-element static array: { event-payload: { my struct array: [{ array len: 90, my inner dyn array: "Raccoons are one of the few animals that are able to use all five fingers like humans do." }, { array len: 67, my inner dyn array: "As a result, they can successfully complete many unusual functions" }, { array len: 49, my inner dyn array: "like opening the latch of a cage, untying knots," }, { array len: 30, my inner dyn array: "and even writing Python code." }] } }
