[01:00:00.000000000] { packet-context: { the packet begin timestamp!: 1, the discarded event counter: 3, the packet content length: 272, the packet end timestamp: 4096, the packet sequence number: 8, the packet total length: 304 }, event-payload: { 32-bit lil endian: 0xdeadbeef } }
[01:00:00.000000000] { packet-context: { the packet begin timestamp!: 1, the discarded event counter: 3, the packet content length: 272, the packet end timestamp: 4096, the packet sequence number: 8, the packet total length: 304 }, event-payload: { 32-bit lil endian: 0xcafebabe } }
[01:00:00.000000000] { packet-context: { the packet begin timestamp!: 4097, the discarded event counter: 255, the packet content length: 272, the packet end timestamp: 8192, the packet sequence number: 9, the packet total length: 272 }, event-payload: { 32-bit lil endian: 0xfeedbabe } }
[01:00:00.000000000] { packet-context: { the packet begin timestamp!: 4097, the discarded event counter: 255, the packet content length: 272, the packet end timestamp: 8192, the packet sequence number: 9, the packet total length: 272 }, event-payload: { 32-bit lil endian: 0x1337beef } }
