{ event-payload: { 1-bit lil endian: 0 } }
{ event-payload: { 1-bit lil endian: 1 } }
{ event-payload: { 1-bit lil endian: 1 } }
{ event-payload: { 1-bit lil endian: 1 } }
{ event-payload: { 1-bit lil endian: 1 } }
{ event-payload: { 1-bit lil endian: 1 } }
{ event-payload: { 1-bit lil endian: 1 } }
{ event-payload: { 1-bit lil endian: 1 } }
{ event-payload: { 1-bit lil endian: 0 } }
{ event-payload: { 1-bit lil endian: 1 } }
{ event-payload: { 1-bit lil endian: 0 } }
{ event-payload: { 1-bit lil endian: 1 } }
{ event-payload: { 1-bit lil endian: 0 } }
{ event-payload: { 1-bit lil endian: 0 } }
{ event-payload: { 1-bit lil endian: 1 } }
{ event-payload: { 1-bit lil endian: 1 } }
{ event-payload: { 1-bit lil endian: 1 } }
{ event-payload: { 1-bit lil endian: 1 } }
{ event-payload: { 1-bit lil endian: 1 } }
{ event-payload: { 1-bit lil endian: 0 } }
{ event-payload: { 1-bit lil endian: 1 } }
{ event-payload: { 1-bit lil endian: 1 } }
{ event-payload: { 1-bit lil endian: 0 } }
{ event-payload: { 1-bit lil endian: 0 } }
{ event-payload: { 1-bit lil endian: 1 } }
{ event-payload: { 1-bit lil endian: 1 } }
{ event-payload: { 1-bit lil endian: 0 } }
{ event-payload: { 1-bit lil endian: 0 } }
{ event-payload: { 1-bit lil endian: 1 } }
{ event-payload: { 1-bit lil endian: 0 } }
{ event-payload: { 1-bit lil endian: 0 } }
{ event-payload: { 1-bit lil endian: 0 } }
{ event-payload: { 1-bit lil endian: 1 } }
{ event-payload: { 1-bit lil endian: 1 } }
{ event-payload: { 1-bit lil endian: 0 } }
{ event-payload: { 1-bit lil endian: 0 } }
{ event-payload: { 1-bit lil endian: 1 } }
{ event-payload: { 1-bit lil endian: 0 } }
{ event-payload: { 1-bit lil endian: 0 } }
{ event-payload: { 1-bit lil endian: 0 } }
{ event-payload: { 1-bit lil endian: 1 } }
{ event-payload: { 1-bit lil endian: 1 } }
{ event-payload: { 1-bit lil endian: 1 } }
{ event-payload: { 1-bit lil endian: 0 } }
{ event-payload: { 1-bit lil endian: 1 } }
{ event-payload: { 1-bit lil endian: 1 } }
{ event-payload: { 1-bit lil endian: 0 } }
{ event-payload: { 1-bit lil endian: 0 } }
{ event-payload: { 1-bit lil endian: 0 } }
{ event-payload: { 1-bit lil endian: 1 } }
{ event-payload: { 1-bit lil endian: 0 } }
{ event-payload: { 1-bit lil endian: 1 } }
{ event-payload: { 1-bit lil endian: 0 } }
{ event-payload: { 1-bit lil endian: 0 } }
{ event-payload: { 1-bit lil endian: 1 } }
{ event-payload: { 1-bit lil endian: 1 } }
{ event-payload: { 1-bit lil endian: 0 } }
{ event-payload: { 1-bit lil endian: 1 } }
{ event-payload: { 1-bit lil endian: 1 } }
{ event-payload: { 1-bit lil endian: 1 } }
{ event-payload: { 1-bit lil endian: 1 } }
{ event-payload: { 1-bit lil endian: 1 } }
{ event-payload: { 1-bit lil endian: 1 } }
{ event-payload: { 1-bit lil endian: 1 } }
